// Jest Snapshot v1, https://goo.gl/fbAQLP

exports[`ReleaseForm renders toMatchSnapshot 1`] = `
<DocumentFragment>
  <div>
    <form
      role="form-upload"
    >
      <label
        data-testid="label-input-file"
        for="file"
      >
        file:
      </label>
      <input
        data-testid="input-file"
        id="file"
        name="file"
        type="file"
      />
      <button
        type="submit"
      >
        Submit
      </button>
    </form>
    <button>
      pause
    </button>
    <button>
      resume
    </button>
    <p>
      Progress % 
    </p>
  </div>
</DocumentFragment>
`;
